src/App.tsx(236,55): error TS2551: Property 'parentNode' does not exist on type 'Node'. Did you mean 'parentId'?
src/App.tsx(297,51): error TS2339: Property 'length' does not exist on type 'unknown'.
